// Jest Snapshot v1, https://goo.gl/fbAQLP

exports[`Landing should match the snapshot with all data passed in 1`] = `
<div
  id="landing-container"
>
  <div
    id="scroll-text-container"
  >
    <h3
      className="landing-text"
    >
      this is sample text
    </h3>
    <h3
      className="landing-text right-justify"
    >
      - 
      movie title
    </h3>
    <h3
      className="landing-text right-justify"
    >
      - 
      11-5-2018
    </h3>
  </div>
</div>
`;
