// Jest Snapshot v1, https://goo.gl/fbAQLP

exports[`CardContainer should match the snapshot with all data passed in 1`] = `
<div
  id="card-container"
>
  <Card
    card={Object {}}
    favorites={
      Array [
        "1",
        "2",
      ]
    }
    toggleFavorite={[MockFunction]}
  />
  <Card
    card={Object {}}
    favorites={
      Array [
        "1",
        "2",
      ]
    }
    toggleFavorite={[MockFunction]}
  />
  <div
    id="show-button-div"
  >
    <button
      disabled={true}
      id="show-button"
      onClick={[Function]}
    >
      Show Less
    </button>
  </div>
</div>
`;
