// Jest Snapshot v1, https://goo.gl/fbAQLP

exports[`Button should match the snapshot with all data passed in 1`] = `
<div
  id="button-container"
>
  <button>
    Characters
  </button>
  <button>
    Planets
  </button>
  <button>
    Vehicles
  </button>
  <button>
    Favorites
  </button>
</div>
`;
